2025-08-19 08:52:30,979 [INFO] Fetching URL: https://fbref.com/en/comps/10/2025-2026/schedule/2025-2026-Championship-Scores-and-Fixtures
2025-08-19 08:54:52,226 [INFO] Processed: season=2025-2026 league_id=10 inserted/updated=552 rows_seen=597 with_url=24 without_url=528
2025-08-19 08:54:52,227 [INFO] Fetching URL: https://fbref.com/en/comps/9/2025-2026/schedule/2025-2026-Premier-League-Scores-and-Fixtures
2025-08-19 08:54:57,970 [INFO] [TARGET] Raw row snapshot: {'date': '2025-08-17', 'home': {'text': 'Manchester Utd', 'href': '/en/squads/19538871/Manchester-United-Stats'}, 'away': {'text': 'Arsenal', 'href': '/en/squads/18bb7c10/Arsenal-Stats'}, 'score': '0–1', 'notes': '', 'match_report_href': '/en/matches/643d26fd/Manchester-United-Arsenal-August-17-2025-Premier-League'}
2025-08-19 08:54:58,256 [INFO] [TARGET] Upserted match id=18226 created=True date=2025-08-17 00:00:00+01:00 home=Manchester United away=Arsenal score=(0,1) url=https://fbref.com/en/matches/643d26fd/Manchester-United-Arsenal-August-17-2025-Premier-League
2025-08-19 08:56:52,177 [INFO] Processed: season=2025-2026 league_id=9 inserted/updated=380 rows_seen=417 with_url=10 without_url=370
2025-08-19 08:56:52,177 [INFO] Fetching URL: https://fbref.com/en/comps/10/2024-2025/schedule/2024-2025-Championship-Scores-and-Fixtures
2025-08-19 08:59:27,740 [ERROR] Error processing URL: https://fbref.com/en/comps/10/2024-2025/schedule/2024-2025-Championship-Scores-and-Fixtures
Traceback (most recent call last):
  File "/Users/davidhearl/Documents/08 - Programming/GitHub/predictions/virtual_environment/lib/python3.10/site-packages/django/db/backends/base/base.py", line 303, in _commit
    return self.connection.commit()
psycopg2.DatabaseError: could not receive data from server: Operation timed out
SSL SYSCALL error: Operation timed out


The above exception was the direct cause of the following exception:

Traceback (most recent call last):
  File "/Users/davidhearl/Github/predictions/data_collection/scraping/matches.py", line 315, in get_fixture_tables
    obj, created = Match.objects.update_or_create(
  File "/Users/davidhearl/Documents/08 - Programming/GitHub/predictions/virtual_environment/lib/python3.10/site-packages/django/db/models/manager.py", line 87, in manager_method
    return getattr(self.get_queryset(), name)(*args, **kwargs)
  File "/Users/davidhearl/Documents/08 - Programming/GitHub/predictions/virtual_environment/lib/python3.10/site-packages/django/db/models/query.py", line 985, in update_or_create
    with transaction.atomic(using=self.db):
  File "/Users/davidhearl/Documents/08 - Programming/GitHub/predictions/virtual_environment/lib/python3.10/site-packages/django/db/transaction.py", line 263, in __exit__
    connection.commit()
  File "/Users/davidhearl/Documents/08 - Programming/GitHub/predictions/virtual_environment/lib/python3.10/site-packages/django/utils/asyncio.py", line 26, in inner
    return func(*args, **kwargs)
  File "/Users/davidhearl/Documents/08 - Programming/GitHub/predictions/virtual_environment/lib/python3.10/site-packages/django/db/backends/base/base.py", line 327, in commit
    self._commit()
  File "/Users/davidhearl/Documents/08 - Programming/GitHub/predictions/virtual_environment/lib/python3.10/site-packages/django/db/backends/base/base.py", line 302, in _commit
    with debug_transaction(self, "COMMIT"), self.wrap_database_errors:
  File "/Users/davidhearl/Documents/08 - Programming/GitHub/predictions/virtual_environment/lib/python3.10/site-packages/django/db/utils.py", line 91, in __exit__
    raise dj_exc_value.with_traceback(traceback) from exc_value
  File "/Users/davidhearl/Documents/08 - Programming/GitHub/predictions/virtual_environment/lib/python3.10/site-packages/django/db/backends/base/base.py", line 303, in _commit
    return self.connection.commit()
django.db.utils.DatabaseError: could not receive data from server: Operation timed out
SSL SYSCALL error: Operation timed out

2025-08-19 08:59:27,749 [INFO] Fetching URL: https://fbref.com/en/comps/9/2024-2025/schedule/2024-2025-Premier-League-Scores-and-Fixtures
2025-08-19 09:00:01,263 [ERROR] Error processing URL: https://fbref.com/en/comps/9/2024-2025/schedule/2024-2025-Premier-League-Scores-and-Fixtures
Traceback (most recent call last):
  File "/Users/davidhearl/Documents/08 - Programming/GitHub/predictions/virtual_environment/lib/python3.10/site-packages/urllib3/connection.py", line 174, in _new_conn
    conn = connection.create_connection(
  File "/Users/davidhearl/Documents/08 - Programming/GitHub/predictions/virtual_environment/lib/python3.10/site-packages/urllib3/util/connection.py", line 72, in create_connection
    for res in socket.getaddrinfo(host, port, family, socket.SOCK_STREAM):
  File "/Library/Frameworks/Python.framework/Versions/3.10/lib/python3.10/socket.py", line 955, in getaddrinfo
    for res in _socket.getaddrinfo(host, port, family, type, proto, flags):
socket.gaierror: [Errno 8] nodename nor servname provided, or not known

During handling of the above exception, another exception occurred:

Traceback (most recent call last):
  File "/Users/davidhearl/Documents/08 - Programming/GitHub/predictions/virtual_environment/lib/python3.10/site-packages/urllib3/connectionpool.py", line 703, in urlopen
    httplib_response = self._make_request(
  File "/Users/davidhearl/Documents/08 - Programming/GitHub/predictions/virtual_environment/lib/python3.10/site-packages/urllib3/connectionpool.py", line 386, in _make_request
    self._validate_conn(conn)
  File "/Users/davidhearl/Documents/08 - Programming/GitHub/predictions/virtual_environment/lib/python3.10/site-packages/urllib3/connectionpool.py", line 1042, in _validate_conn
    conn.connect()
  File "/Users/davidhearl/Documents/08 - Programming/GitHub/predictions/virtual_environment/lib/python3.10/site-packages/urllib3/connection.py", line 363, in connect
    self.sock = conn = self._new_conn()
  File "/Users/davidhearl/Documents/08 - Programming/GitHub/predictions/virtual_environment/lib/python3.10/site-packages/urllib3/connection.py", line 186, in _new_conn
    raise NewConnectionError(
urllib3.exceptions.NewConnectionError: <urllib3.connection.HTTPSConnection object at 0x148b62710>: Failed to establish a new connection: [Errno 8] nodename nor servname provided, or not known

During handling of the above exception, another exception occurred:

Traceback (most recent call last):
  File "/Users/davidhearl/Documents/08 - Programming/GitHub/predictions/virtual_environment/lib/python3.10/site-packages/requests/adapters.py", line 667, in send
    resp = conn.urlopen(
  File "/Users/davidhearl/Documents/08 - Programming/GitHub/predictions/virtual_environment/lib/python3.10/site-packages/urllib3/connectionpool.py", line 787, in urlopen
    retries = retries.increment(
  File "/Users/davidhearl/Documents/08 - Programming/GitHub/predictions/virtual_environment/lib/python3.10/site-packages/urllib3/util/retry.py", line 592, in increment
    raise MaxRetryError(_pool, url, error or ResponseError(cause))
urllib3.exceptions.MaxRetryError: HTTPSConnectionPool(host='fbref.com', port=443): Max retries exceeded with url: /en/comps/9/2024-2025/schedule/2024-2025-Premier-League-Scores-and-Fixtures (Caused by NewConnectionError('<urllib3.connection.HTTPSConnection object at 0x148b62710>: Failed to establish a new connection: [Errno 8] nodename nor servname provided, or not known'))

During handling of the above exception, another exception occurred:

Traceback (most recent call last):
  File "/Users/davidhearl/Github/predictions/data_collection/scraping/matches.py", line 223, in get_fixture_tables
    response = requests.get(url, timeout=10)
  File "/Users/davidhearl/Documents/08 - Programming/GitHub/predictions/virtual_environment/lib/python3.10/site-packages/requests/api.py", line 73, in get
    return request("get", url, params=params, **kwargs)
  File "/Users/davidhearl/Documents/08 - Programming/GitHub/predictions/virtual_environment/lib/python3.10/site-packages/requests/api.py", line 59, in request
    return session.request(method=method, url=url, **kwargs)
  File "/Users/davidhearl/Documents/08 - Programming/GitHub/predictions/virtual_environment/lib/python3.10/site-packages/requests/sessions.py", line 589, in request
    resp = self.send(prep, **send_kwargs)
  File "/Users/davidhearl/Documents/08 - Programming/GitHub/predictions/virtual_environment/lib/python3.10/site-packages/requests/sessions.py", line 703, in send
    r = adapter.send(request, **kwargs)
  File "/Users/davidhearl/Documents/08 - Programming/GitHub/predictions/virtual_environment/lib/python3.10/site-packages/requests/adapters.py", line 700, in send
    raise ConnectionError(e, request=request)
requests.exceptions.ConnectionError: HTTPSConnectionPool(host='fbref.com', port=443): Max retries exceeded with url: /en/comps/9/2024-2025/schedule/2024-2025-Premier-League-Scores-and-Fixtures (Caused by NewConnectionError('<urllib3.connection.HTTPSConnection object at 0x148b62710>: Failed to establish a new connection: [Errno 8] nodename nor servname provided, or not known'))
2025-08-19 09:00:01,271 [INFO] Fetching URL: https://fbref.com/en/comps/10/2023-2024/schedule/2023-2024-Championship-Scores-and-Fixtures
2025-08-19 09:23:27,443 [INFO] Fetching URL: https://fbref.com/en/comps/10/2025-2026/schedule/2025-2026-Championship-Scores-and-Fixtures
2025-08-19 09:26:22,484 [INFO] Processed: season=2025-2026 league_id=10 inserted/updated=552 rows_seen=597 with_url=24 without_url=528
2025-08-19 09:26:22,485 [INFO] Fetching URL: https://fbref.com/en/comps/9/2025-2026/schedule/2025-2026-Premier-League-Scores-and-Fixtures
2025-08-19 09:26:28,110 [INFO] [TARGET] Raw row snapshot: {'date': '2025-08-17', 'home': {'text': 'Manchester Utd', 'href': '/en/squads/19538871/Manchester-United-Stats'}, 'away': {'text': 'Arsenal', 'href': '/en/squads/18bb7c10/Arsenal-Stats'}, 'score': '0–1', 'notes': '', 'match_report_href': '/en/matches/643d26fd/Manchester-United-Arsenal-August-17-2025-Premier-League'}
2025-08-19 09:26:28,318 [INFO] [TARGET] Upserted match id=18226 created=False date=2025-08-17 00:00:00+01:00 home=Manchester United away=Arsenal score=(0,1) url=https://fbref.com/en/matches/643d26fd/Manchester-United-Arsenal-August-17-2025-Premier-League
2025-08-19 09:28:38,805 [INFO] Processed: season=2025-2026 league_id=9 inserted/updated=380 rows_seen=417 with_url=10 without_url=370
2025-08-19 09:28:38,807 [INFO] Fetching URL: https://fbref.com/en/comps/10/2024-2025/schedule/2024-2025-Championship-Scores-and-Fixtures
2025-08-19 09:32:26,096 [INFO] Processed: season=2024-2025 league_id=10 inserted/updated=552 rows_seen=602 with_url=552 without_url=0
2025-08-19 09:32:26,096 [INFO] Fetching URL: https://fbref.com/en/comps/9/2024-2025/schedule/2024-2025-Premier-League-Scores-and-Fixtures
2025-08-19 09:34:31,456 [INFO] Processed: season=2024-2025 league_id=9 inserted/updated=380 rows_seen=420 with_url=380 without_url=0
2025-08-19 09:34:31,457 [INFO] Fetching URL: https://fbref.com/en/comps/10/2023-2024/schedule/2023-2024-Championship-Scores-and-Fixtures
2025-08-19 09:36:54,776 [INFO] Processed: season=2023-2024 league_id=10 inserted/updated=552 rows_seen=603 with_url=552 without_url=0
2025-08-19 09:36:54,776 [INFO] Fetching URL: https://fbref.com/en/comps/9/2023-2024/schedule/2023-2024-Premier-League-Scores-and-Fixtures
2025-08-19 09:38:40,126 [INFO] Processed: season=2023-2024 league_id=9 inserted/updated=380 rows_seen=423 with_url=380 without_url=0
2025-08-19 09:38:40,126 [INFO] Fetching URL: https://fbref.com/en/comps/10/2022-2023/schedule/2022-2023-Championship-Scores-and-Fixtures
2025-08-19 09:41:10,400 [INFO] Processed: season=2022-2023 league_id=10 inserted/updated=552 rows_seen=611 with_url=552 without_url=0
2025-08-19 09:41:10,402 [INFO] Fetching URL: https://fbref.com/en/comps/9/2022-2023/schedule/2022-2023-Premier-League-Scores-and-Fixtures
2025-08-19 09:42:38,963 [INFO] Processed: season=2022-2023 league_id=9 inserted/updated=380 rows_seen=430 with_url=380 without_url=0
2025-08-19 09:42:38,963 [INFO] Fetching URL: https://fbref.com/en/comps/10/2021-2022/schedule/2021-2022-Championship-Scores-and-Fixtures
2025-08-19 09:45:03,154 [INFO] Processed: season=2021-2022 league_id=10 inserted/updated=552 rows_seen=624 with_url=552 without_url=0
2025-08-19 09:45:03,154 [INFO] Fetching URL: https://fbref.com/en/comps/9/2021-2022/schedule/2021-2022-Premier-League-Scores-and-Fixtures
2025-08-19 09:46:30,915 [INFO] Processed: season=2021-2022 league_id=9 inserted/updated=380 rows_seen=448 with_url=380 without_url=0
2025-08-19 09:46:30,916 [INFO] Fetching URL: https://fbref.com/en/comps/10/2020-2021/schedule/2020-2021-Championship-Scores-and-Fixtures
2025-08-19 09:48:37,079 [INFO] Processed: season=2020-2021 league_id=10 inserted/updated=552 rows_seen=617 with_url=552 without_url=0
2025-08-19 09:48:37,080 [INFO] Fetching URL: https://fbref.com/en/comps/9/2020-2021/schedule/2020-2021-Premier-League-Scores-and-Fixtures
2025-08-19 09:50:05,361 [INFO] Processed: season=2020-2021 league_id=9 inserted/updated=380 rows_seen=440 with_url=380 without_url=0
2025-08-19 09:50:05,363 [INFO] Fetching URL: https://fbref.com/en/comps/10/2019-2020/schedule/2019-2020-Championship-Scores-and-Fixtures
2025-08-19 09:52:11,474 [INFO] Processed: season=2019-2020 league_id=10 inserted/updated=552 rows_seen=599 with_url=552 without_url=0
2025-08-19 09:52:11,475 [INFO] Fetching URL: https://fbref.com/en/comps/9/2019-2020/schedule/2019-2020-Premier-League-Scores-and-Fixtures
2025-08-19 09:53:39,502 [INFO] Processed: season=2019-2020 league_id=9 inserted/updated=380 rows_seen=419 with_url=380 without_url=0
2025-08-19 09:53:39,502 [INFO] Fetching URL: https://fbref.com/en/comps/10/2018-2019/schedule/2018-2019-Championship-Scores-and-Fixtures
2025-08-19 09:55:46,208 [INFO] Processed: season=2018-2019 league_id=10 inserted/updated=552 rows_seen=605 with_url=552 without_url=0
2025-08-19 09:55:46,208 [INFO] Fetching URL: https://fbref.com/en/comps/9/2018-2019/schedule/2018-2019-Premier-League-Scores-and-Fixtures
2025-08-19 09:57:14,276 [INFO] Processed: season=2018-2019 league_id=9 inserted/updated=380 rows_seen=425 with_url=380 without_url=0
2025-08-19 09:57:14,277 [INFO] Fetching URL: https://fbref.com/en/comps/10/2017-2018/schedule/2017-2018-Championship-Scores-and-Fixtures
2025-08-19 09:59:19,849 [INFO] Processed: season=2017-2018 league_id=10 inserted/updated=552 rows_seen=603 with_url=552 without_url=0
2025-08-19 09:59:19,850 [INFO] Fetching URL: https://fbref.com/en/comps/9/2017-2018/schedule/2017-2018-Premier-League-Scores-and-Fixtures
2025-08-19 10:00:48,015 [INFO] Processed: season=2017-2018 league_id=9 inserted/updated=380 rows_seen=423 with_url=380 without_url=0
2025-08-19 10:00:48,015 [INFO] Fetching URL: https://fbref.com/en/comps/10/2016-2017/schedule/2016-2017-Championship-Scores-and-Fixtures
2025-08-19 10:02:55,095 [INFO] Processed: season=2016-2017 league_id=10 inserted/updated=552 rows_seen=607 with_url=552 without_url=0
2025-08-19 10:02:55,095 [INFO] Fetching URL: https://fbref.com/en/comps/9/2016-2017/schedule/2016-2017-Premier-League-Scores-and-Fixtures
2025-08-19 10:04:23,857 [INFO] Processed: season=2016-2017 league_id=9 inserted/updated=380 rows_seen=424 with_url=380 without_url=0
2025-08-19 10:04:23,858 [INFO] Fetching URL: https://fbref.com/en/comps/10/2015-2016/schedule/2015-2016-Championship-Scores-and-Fixtures
2025-08-19 10:06:31,734 [INFO] Processed: season=2015-2016 league_id=10 inserted/updated=552 rows_seen=606 with_url=552 without_url=0
2025-08-19 10:06:31,735 [INFO] Fetching URL: https://fbref.com/en/comps/9/2015-2016/schedule/2015-2016-Premier-League-Scores-and-Fixtures
2025-08-19 10:07:59,813 [INFO] Processed: season=2015-2016 league_id=9 inserted/updated=380 rows_seen=426 with_url=380 without_url=0
2025-08-19 10:07:59,815 [INFO] Fetching URL: https://fbref.com/en/comps/10/2014-2015/schedule/2014-2015-Championship-Scores-and-Fixtures
2025-08-19 10:10:06,858 [INFO] Processed: season=2014-2015 league_id=10 inserted/updated=552 rows_seen=600 with_url=552 without_url=0
2025-08-19 10:10:06,859 [INFO] Fetching URL: https://fbref.com/en/comps/9/2014-2015/schedule/2014-2015-Premier-League-Scores-and-Fixtures
2025-08-19 10:11:35,253 [INFO] Processed: season=2014-2015 league_id=9 inserted/updated=380 rows_seen=422 with_url=380 without_url=0
2025-08-19 10:11:35,254 [INFO] Fetching URL: https://fbref.com/en/comps/10/2013-2014/schedule/2013-2014-Championship-Scores-and-Fixtures
2025-08-19 10:11:39,515 [WARNING] No schedule table found (possibly changed markup)
2025-08-19 10:11:39,515 [INFO] Fetching URL: https://fbref.com/en/comps/9/2013-2014/schedule/2013-2014-Premier-League-Scores-and-Fixtures
2025-08-19 10:13:07,589 [INFO] Processed: season=2013-2014 league_id=9 inserted/updated=380 rows_seen=424 with_url=380 without_url=0
2025-08-19 10:13:07,590 [INFO] Fetching URL: https://fbref.com/en/comps/10/2012-2013/schedule/2012-2013-Championship-Scores-and-Fixtures
2025-08-19 10:13:11,945 [WARNING] No schedule table found (possibly changed markup)
2025-08-19 10:13:11,945 [INFO] Fetching URL: https://fbref.com/en/comps/9/2012-2013/schedule/2012-2013-Premier-League-Scores-and-Fixtures
2025-08-19 10:14:40,546 [INFO] Processed: season=2012-2013 league_id=9 inserted/updated=380 rows_seen=423 with_url=380 without_url=0
2025-08-19 10:14:40,548 [INFO] Fetching URL: https://fbref.com/en/comps/10/2011-2012/schedule/2011-2012-Championship-Scores-and-Fixtures
2025-08-19 10:14:45,037 [WARNING] No schedule table found (possibly changed markup)
2025-08-19 10:14:45,038 [INFO] Fetching URL: https://fbref.com/en/comps/9/2011-2012/schedule/2011-2012-Premier-League-Scores-and-Fixtures
2025-08-19 10:16:13,657 [INFO] Processed: season=2011-2012 league_id=9 inserted/updated=380 rows_seen=421 with_url=380 without_url=0
2025-08-19 10:16:13,659 [INFO] Fetching URL: https://fbref.com/en/comps/10/2010-2011/schedule/2010-2011-Championship-Scores-and-Fixtures
2025-08-19 10:16:18,006 [WARNING] No schedule table found (possibly changed markup)
2025-08-19 10:16:18,006 [INFO] Fetching URL: https://fbref.com/en/comps/9/2010-2011/schedule/2010-2011-Premier-League-Scores-and-Fixtures
2025-08-19 10:17:46,215 [INFO] Processed: season=2010-2011 league_id=9 inserted/updated=380 rows_seen=426 with_url=380 without_url=0
2025-08-19 10:17:46,215 [INFO] Fetching URL: https://fbref.com/en/comps/10/2009-2010/schedule/2009-2010-Championship-Scores-and-Fixtures
2025-08-19 10:17:50,677 [WARNING] No schedule table found (possibly changed markup)
2025-08-19 10:17:50,677 [INFO] Fetching URL: https://fbref.com/en/comps/9/2009-2010/schedule/2009-2010-Premier-League-Scores-and-Fixtures
2025-08-19 10:19:18,972 [INFO] Processed: season=2009-2010 league_id=9 inserted/updated=380 rows_seen=435 with_url=380 without_url=0
2025-08-19 10:19:18,972 [INFO] Fetching URL: https://fbref.com/en/comps/10/2008-2009/schedule/2008-2009-Championship-Scores-and-Fixtures
2025-08-19 10:19:23,244 [WARNING] No schedule table found (possibly changed markup)
2025-08-19 10:19:23,244 [INFO] Fetching URL: https://fbref.com/en/comps/9/2008-2009/schedule/2008-2009-Premier-League-Scores-and-Fixtures
2025-08-19 10:20:51,231 [INFO] Processed: season=2008-2009 league_id=9 inserted/updated=380 rows_seen=425 with_url=380 without_url=0
2025-08-19 10:20:51,231 [INFO] Fetching URL: https://fbref.com/en/comps/10/2007-2008/schedule/2007-2008-Championship-Scores-and-Fixtures
2025-08-19 10:20:55,623 [WARNING] No schedule table found (possibly changed markup)
2025-08-19 10:20:55,623 [INFO] Fetching URL: https://fbref.com/en/comps/9/2007-2008/schedule/2007-2008-Premier-League-Scores-and-Fixtures
2025-08-19 10:22:25,601 [INFO] Processed: season=2007-2008 league_id=9 inserted/updated=380 rows_seen=422 with_url=380 without_url=0
2025-08-19 10:22:25,602 [INFO] Fetching URL: https://fbref.com/en/comps/10/2006-2007/schedule/2006-2007-Championship-Scores-and-Fixtures
2025-08-19 10:22:29,935 [WARNING] No schedule table found (possibly changed markup)
2025-08-19 10:22:29,935 [INFO] Fetching URL: https://fbref.com/en/comps/9/2006-2007/schedule/2006-2007-Premier-League-Scores-and-Fixtures
2025-08-19 10:24:00,435 [INFO] Processed: season=2006-2007 league_id=9 inserted/updated=380 rows_seen=430 with_url=380 without_url=0
2025-08-19 10:24:00,435 [INFO] Fetching URL: https://fbref.com/en/comps/10/2005-2006/schedule/2005-2006-Championship-Scores-and-Fixtures
2025-08-19 10:24:04,738 [WARNING] No schedule table found (possibly changed markup)
2025-08-19 10:24:04,739 [INFO] Fetching URL: https://fbref.com/en/comps/9/2005-2006/schedule/2005-2006-Premier-League-Scores-and-Fixtures
2025-08-19 10:25:34,330 [INFO] Processed: season=2005-2006 league_id=9 inserted/updated=380 rows_seen=434 with_url=380 without_url=0
2025-08-19 10:25:34,331 [INFO] Fetching URL: https://fbref.com/en/comps/10/2004-2005/schedule/2004-2005-Championship-Scores-and-Fixtures
2025-08-19 10:25:38,559 [WARNING] No schedule table found (possibly changed markup)
2025-08-19 10:25:38,560 [INFO] Fetching URL: https://fbref.com/en/comps/9/2004-2005/schedule/2004-2005-Premier-League-Scores-and-Fixtures
